[    0.000000] Linux version 4.15.0-166-generic (buildd@lgw01-amd64-012) (gcc version 7.5.0 (Ubuntu 7.5.0-3ubuntu1~18.04)) #174-Ubuntu SMP Wed Dec 8 19:07:44 UTC 2021 (Ubuntu 4.15.0-166.174-generic 4.15.18)
[    0.000000] Command line: BOOT_IMAGE=/boot/vmlinuz-4.15.0-166-generic root=LABEL=cloudimg-rootfs ro console=tty1 console=ttyS0
[    0.000000] KERNEL supported cpus:
[    0.000000]   Intel GenuineIntel
[    0.000000]   AMD AuthenticAMD
[    0.000000]   Centaur CentaurHauls
[    0.000000] x86/fpu: x87 FPU will use FXSAVE
[    0.000000] e820: BIOS-provided physical RAM map:
[    0.000000] BIOS-e820: [mem 0x0000000000000000-0x000000000009fbff] usable
[    0.000000] BIOS-e820: [mem 0x000000000009fc00-0x000000000009ffff] reserved
[    0.000000] BIOS-e820: [mem 0x00000000000f0000-0x00000000000fffff] reserved
[    0.000000] BIOS-e820: [mem 0x0000000000100000-0x000000003ffeffff] usable
[    0.000000] BIOS-e820: [mem 0x000000003fff0000-0x000000003fffffff] ACPI data
[    0.000000] BIOS-e820: [mem 0x00000000fec00000-0x00000000fec00fff] reserved
[    0.000000] BIOS-e820: [mem 0x00000000fee00000-0x00000000fee00fff] reserved
[    0.000000] BIOS-e820: [mem 0x00000000fffc0000-0x00000000ffffffff] reserved
[    0.000000] NX (Execute Disable) protection: active
[    0.000000] SMBIOS 2.5 present.
[    0.000000] DMI: innotek GmbH VirtualBox/VirtualBox, BIOS VirtualBox 12/01/2006
[    0.000000] Hypervisor detected: KVM
[    0.000000] e820: last_pfn = 0x3fff0 max_arch_pfn = 0x400000000
[    0.000000] MTRR: Disabled
[    0.000000] x86/PAT: MTRRs disabled, skipping PAT initialization too.
[    0.000000] CPU MTRRs all blank - virtualized system.
[    0.000000] x86/PAT: Configuration [0-7]: WB  WT  UC- UC  WB  WT  UC- UC  
[    0.000000] found SMP MP-table at [mem 0x0009fff0-0x0009ffff]
[    0.000000] Scanning 1 areas for low memory corruption
[    0.000000] RAMDISK: [mem 0x359cf000-0x36cdefff]
[    0.000000] ACPI: Early table checksum verification disabled
[    0.000000] ACPI: RSDP 0x00000000000E0000 000024 (v02 VBOX  )
[    0.000000] ACPI: XSDT 0x000000003FFF0030 00003C (v01 VBOX   VBOXXSDT 00000001 ASL  00000061)
[    0.000000] ACPI: FACP 0x000000003FFF00F0 0000F4 (v04 VBOX   VBOXFACP 00000001 ASL  00000061)
[    0.000000] ACPI: DSDT 0x000000003FFF0470 002325 (v02 VBOX   VBOXBIOS 00000002 INTL 20100528)
[    0.000000] ACPI: FACS 0x000000003FFF0200 000040
[    0.000000] ACPI: FACS 0x000000003FFF0200 000040
[    0.000000] ACPI: APIC 0x000000003FFF0240 00005C (v02 VBOX   VBOXAPIC 00000001 ASL  00000061)
[    0.000000] ACPI: SSDT 0x000000003FFF02A0 0001CC (v01 VBOX   VBOXCPUT 00000002 INTL 20100528)
[    0.000000] ACPI: Reserving FACP table memory at [mem 0x3fff00f0-0x3fff01e3]
[    0.000000] ACPI: Reserving DSDT table memory at [mem 0x3fff0470-0x3fff2794]
[    0.000000] ACPI: Reserving FACS table memory at [mem 0x3fff0200-0x3fff023f]
[    0.000000] ACPI: Reserving FACS table memory at [mem 0x3fff0200-0x3fff023f]
[    0.000000] ACPI: Reserving APIC table memory at [mem 0x3fff0240-0x3fff029b]
[    0.000000] ACPI: Reserving SSDT table memory at [mem 0x3fff02a0-0x3fff046b]
[    0.000000] No NUMA configuration found
[    0.000000] Faking a node at [mem 0x0000000000000000-0x000000003ffeffff]
[    0.000000] NODE_DATA(0) allocated [mem 0x3ffc5000-0x3ffeffff]
[    0.000000] kvm-clock: cpu 0, msr 0:3ff44001, primary cpu clock
[    0.000000] kvm-clock: Using msrs 4b564d01 and 4b564d00
[    0.000000] kvm-clock: using sched offset of 5464974103 cycles
[    0.000000] clocksource: kvm-clock: mask: 0xffffffffffffffff max_cycles: 0x1cd42e4dffb, max_idle_ns: 881590591483 ns
[    0.000000] Zone ranges:
[    0.000000]   DMA      [mem 0x0000000000001000-0x0000000000ffffff]
[    0.000000]   DMA32    [mem 0x0000000001000000-0x000000003ffeffff]
[    0.000000]   Normal   empty
[    0.000000]   Device   empty
[    0.000000] Movable zone start for each node
[    0.000000] Early memory node ranges
[    0.000000]   node   0: [mem 0x0000000000001000-0x000000000009efff]
[    0.000000]   node   0: [mem 0x0000000000100000-0x000000003ffeffff]
[    0.000000] Reserved but unavailable: 104 pages
[    0.000000] Initmem setup node 0 [mem 0x0000000000001000-0x000000003ffeffff]
[    0.000000] ACPI: PM-Timer IO Port: 0x4008
[    0.000000] IOAPIC[0]: apic_id 2, version 32, address 0xfec00000, GSI 0-23
[    0.000000] ACPI: INT_SRC_OVR (bus 0 bus_irq 0 global_irq 2 dfl dfl)
[    0.000000] ACPI: INT_SRC_OVR (bus 0 bus_irq 9 global_irq 9 low level)
[    0.000000] Using ACPI (MADT) for SMP configuration information
[    0.000000] smpboot: Allowing 2 CPUs, 0 hotplug CPUs
[    0.000000] PM: Registered nosave memory: [mem 0x00000000-0x00000fff]
[    0.000000] PM: Registered nosave memory: [mem 0x0009f000-0x0009ffff]
[    0.000000] PM: Registered nosave memory: [mem 0x000a0000-0x000effff]
[    0.000000] PM: Registered nosave memory: [mem 0x000f0000-0x000fffff]
[    0.000000] e820: [mem 0x40000000-0xfebfffff] available for PCI devices
[    0.000000] Booting paravirtualized kernel on KVM
[    0.000000] clocksource: refined-jiffies: mask: 0xffffffff max_cycles: 0xffffffff, max_idle_ns: 7645519600211568 ns
[    0.000000] random: get_random_bytes called from start_kernel+0x99/0x500 with crng_init=0
[    0.000000] setup_percpu: NR_CPUS:8192 nr_cpumask_bits:2 nr_cpu_ids:2 nr_node_ids:1
[    0.000000] percpu: Embedded 45 pages/cpu s147456 r8192 d28672 u1048576
[    0.000000] PV qspinlock hash table entries: 256 (order: 0, 4096 bytes)
[    0.000000] Built 1 zonelists, mobility grouping on.  Total pages: 257913
[    0.000000] Policy zone: DMA32
[    0.000000] Kernel command line: BOOT_IMAGE=/boot/vmlinuz-4.15.0-166-generic root=LABEL=cloudimg-rootfs ro console=tty1 console=ttyS0
[    0.000000] Memory: 982716K/1048120K available (12300K kernel code, 2483K rwdata, 4320K rodata, 2448K init, 2724K bss, 65404K reserved, 0K cma-reserved)
[    0.000000] SLUB: HWalign=64, Order=0-3, MinObjects=0, CPUs=2, Nodes=1
[    0.000000] Kernel/User page tables isolation: enabled
[    0.000000] ftrace: allocating 39491 entries in 155 pages
[    0.004000] Hierarchical RCU implementation.
[    0.004000] 	RCU restricting CPUs from NR_CPUS=8192 to nr_cpu_ids=2.
[    0.004000] 	Tasks RCU enabled.
[    0.004000] RCU: Adjusting geometry for rcu_fanout_leaf=16, nr_cpu_ids=2
[    0.004000] NR_IRQS: 524544, nr_irqs: 440, preallocated irqs: 16
[    0.004000] Console: colour VGA+ 80x25
[    0.004000] console [tty1] enabled
[    0.004000] console [ttyS0] enabled
[    0.004000] ACPI: Core revision 20170831
[    0.004000] ACPI: 2 ACPI AML tables successfully acquired and loaded
[    0.004000] APIC: Switch to symmetric I/O mode setup
[    0.008000] ..TIMER: vector=0x30 apic1=0 pin1=2 apic2=-1 pin2=-1
[    0.008005] tsc: Detected 2999.998 MHz processor
[    0.012010] Calibrating delay loop (skipped) preset value.. 5999.99 BogoMIPS (lpj=11999992)
[    0.016004] pid_max: default: 32768 minimum: 301
[    0.020078] Security Framework initialized
[    0.024003] Yama: becoming mindful.
[    0.028105] AppArmor: AppArmor initialized
[    0.042050] Dentry cache hash table entries: 131072 (order: 8, 1048576 bytes)
[    0.049800] Inode-cache hash table entries: 65536 (order: 7, 524288 bytes)
[    0.052097] Mount-cache hash table entries: 2048 (order: 2, 16384 bytes)
[    0.056086] Mountpoint-cache hash table entries: 2048 (order: 2, 16384 bytes)
[    0.065240] Last level iTLB entries: 4KB 128, 2MB 8, 4MB 8
[    0.068004] Last level dTLB entries: 4KB 64, 2MB 0, 4MB 0, 1GB 4
[    0.076002] Spectre V1 : Mitigation: usercopy/swapgs barriers and __user pointer sanitization
[    0.080003] Spectre V2 : Mitigation: Full generic retpoline
[    0.084002] Spectre V2 : Spectre v2 / SpectreRSB mitigation: Filling RSB on context switch
[    0.088004] Speculative Store Bypass: Vulnerable
[    0.092043] MDS: Mitigation: Clear CPU buffers
[    0.096164] Freeing SMP alternatives memory: 36K
[    0.211477] smpboot: CPU0: Intel(R) Core(TM) i5-7400 CPU @ 3.00GHz (family: 0x6, model: 0x9e, stepping: 0x9)
[    0.212605] Performance Events: unsupported p6 CPU model 158 no PMU driver, software events only.
[    0.216390] Hierarchical SRCU implementation.
[    0.221137] NMI watchdog: Perf event create on CPU 0 failed with -2
[    0.224007] NMI watchdog: Perf NMI watchdog permanently disabled
[    0.228480] smp: Bringing up secondary CPUs ...
[    0.233245] x86: Booting SMP configuration:
[    0.236005] .... node  #0, CPUs:      #1
[    0.004000] kvm-clock: cpu 1, msr 0:3ff44041, secondary cpu clock
[    0.248000] TSC synchronization [CPU#0 -> CPU#1]:
[    0.248000] Measured 81458 cycles TSC warp between CPUs, turning off TSC clock.
[    0.248000] tsc: Marking TSC unstable due to check_tsc_sync_source failed
[    0.252219] smp: Brought up 1 node, 2 CPUs
[    0.256005] smpboot: Max logical packages: 1
[    0.260004] smpboot: Total of 2 processors activated (11999.99 BogoMIPS)
[    0.271867] devtmpfs: initialized
[    0.272114] x86/mm: Memory block size: 128MB
[    0.276446] evm: security.selinux
[    0.280002] evm: security.SMACK64
[    0.284002] evm: security.SMACK64EXEC
[    0.288002] evm: security.SMACK64TRANSMUTE
[    0.292002] evm: security.SMACK64MMAP
[    0.296002] evm: security.apparmor
[    0.300002] evm: security.ima
[    0.304002] evm: security.capability
[    0.312305] clocksource: jiffies: mask: 0xffffffff max_cycles: 0xffffffff, max_idle_ns: 7645041785100000 ns
[    0.320146] futex hash table entries: 512 (order: 3, 32768 bytes)
[    0.324222] pinctrl core: initialized pinctrl subsystem
[    0.332392] RTC time:  8:42:59, date: 01/17/22
[    0.340159] NET: Registered protocol family 16
[    0.344128] audit: initializing netlink subsys (disabled)
[    0.352275] audit: type=2000 audit(1642408985.738:1): state=initialized audit_enabled=0 res=1
[    0.364008] cpuidle: using governor ladder
[    0.368009] cpuidle: using governor menu
[    0.372117] ACPI: bus type PCI registered
[    0.380003] acpiphp: ACPI Hot Plug PCI Controller Driver version: 0.5
[    0.384865] PCI: Using configuration type 1 for base access
[    0.392493] HugeTLB registered 2.00 MiB page size, pre-allocated 0 pages
[    0.400810] ACPI: Added _OSI(Module Device)
[    0.404006] ACPI: Added _OSI(Processor Device)
[    0.408003] ACPI: Added _OSI(3.0 _SCP Extensions)
[    0.412003] ACPI: Added _OSI(Processor Aggregator Device)
[    0.416005] ACPI: Added _OSI(Linux-Dell-Video)
[    0.420004] ACPI: Added _OSI(Linux-Lenovo-NV-HDMI-Audio)
[    0.424009] ACPI: Added _OSI(Linux-HPI-Hybrid-Graphics)
[    0.432883] ACPI: Executed 1 blocks of module-level executable AML code
[    0.441683] ACPI: Interpreter enabled
[    0.444013] ACPI: (supports S0 S5)
[    0.448003] ACPI: Using IOAPIC for interrupt routing
[    0.452480] PCI: Using host bridge windows from ACPI; if necessary, use "pci=nocrs" and report a bug
[    0.456302] ACPI: Enabled 2 GPEs in block 00 to 07
[    0.473436] ACPI: PCI Root Bridge [PCI0] (domain 0000 [bus 00-ff])
[    0.476008] acpi PNP0A03:00: _OSC: OS supports [ASPM ClockPM Segments MSI]
[    0.480899] acpi PNP0A03:00: _OSC: not requesting OS control; OS requires [ExtendedConfig ASPM ClockPM MSI]
[    0.484018] acpi PNP0A03:00: fail to add MMCONFIG information, can't access extended PCI configuration space under this bridge.
[    0.488991] PCI host bridge to bus 0000:00
[    0.492005] pci_bus 0000:00: root bus resource [io  0x0000-0x0cf7 window]
[    0.496005] pci_bus 0000:00: root bus resource [io  0x0d00-0xffff window]
[    0.500005] pci_bus 0000:00: root bus resource [mem 0x000a0000-0x000bffff window]
[    0.504007] pci_bus 0000:00: root bus resource [mem 0x40000000-0xfdffffff window]
[    0.508006] pci_bus 0000:00: root bus resource [bus 00-ff]
[    0.520994] pci 0000:00:01.1: legacy IDE quirk: reg 0x10: [io  0x01f0-0x01f7]
[    0.524004] pci 0000:00:01.1: legacy IDE quirk: reg 0x14: [io  0x03f6]
[    0.528004] pci 0000:00:01.1: legacy IDE quirk: reg 0x18: [io  0x0170-0x0177]
[    0.532004] pci 0000:00:01.1: legacy IDE quirk: reg 0x1c: [io  0x0376]
[    0.621278] pci 0000:00:07.0: quirk: [io  0x4000-0x403f] claimed by PIIX4 ACPI
[    0.636046] pci 0000:00:07.0: quirk: [io  0x4100-0x410f] claimed by PIIX4 SMB
[    0.676473] ACPI: PCI Interrupt Link [LNKA] (IRQs 5 9 10 *11)
[    0.688637] ACPI: PCI Interrupt Link [LNKB] (IRQs 5 9 *10 11)
[    0.700277] ACPI: PCI Interrupt Link [LNKC] (IRQs 5 *9 10 11)
[    0.716257] ACPI: PCI Interrupt Link [LNKD] (IRQs 5 9 10 *11)
[    0.728928] SCSI subsystem initialized
[    0.740247] pci 0000:00:02.0: vgaarb: setting as boot VGA device
[    0.744000] pci 0000:00:02.0: vgaarb: VGA device added: decodes=io+mem,owns=io+mem,locks=none
[    0.768005] pci 0000:00:02.0: vgaarb: bridge control possible
[    0.784004] vgaarb: loaded
[    0.788092] ACPI: bus type USB registered
[    0.800018] usbcore: registered new interface driver usbfs
[    0.808027] usbcore: registered new interface driver hub
[    0.820076] usbcore: registered new device driver usb
[    0.832164] EDAC MC: Ver: 3.0.0
[    0.844337] PCI: Using ACPI for IRQ routing
[    0.857035] NetLabel: Initializing
[    0.864002] NetLabel:  domain hash size = 128
[    0.876002] NetLabel:  protocols = UNLABELED CIPSOv4 CALIPSO
[    0.888120] NetLabel:  unlabeled traffic allowed by default
[    0.900247] clocksource: Switched to clocksource kvm-clock
[    0.970210] VFS: Disk quotas dquot_6.6.0
[    0.975146] VFS: Dquot-cache hash table entries: 512 (order 0, 4096 bytes)
[    0.983694] AppArmor: AppArmor Filesystem Enabled
[    0.989915] pnp: PnP ACPI init
[    0.996352] pnp: PnP ACPI: found 3 devices
[    1.013023] clocksource: acpi_pm: mask: 0xffffff max_cycles: 0xffffff, max_idle_ns: 2085701024 ns
[    1.023640] NET: Registered protocol family 2
[    1.030035] IP idents hash table entries: 16384 (order: 5, 131072 bytes)
[    1.038492] TCP established hash table entries: 8192 (order: 4, 65536 bytes)
[    1.048443] TCP bind hash table entries: 8192 (order: 5, 131072 bytes)
[    1.057001] TCP: Hash tables configured (established 8192 bind 8192)
[    1.065307] UDP hash table entries: 512 (order: 2, 16384 bytes)
[    1.072606] UDP-Lite hash table entries: 512 (order: 2, 16384 bytes)
[    1.080503] NET: Registered protocol family 1
[    1.086271] pci 0000:00:00.0: Limiting direct PCI/PCI transfers
[    1.093331] pci 0000:00:01.0: Activating ISA DMA hang workarounds
[    1.100896] pci 0000:00:02.0: Video device with shadowed ROM at [mem 0x000c0000-0x000dffff]
[    1.111309] Unpacking initramfs...
[    1.756019] Freeing initrd memory: 19520K
[    1.762819] clocksource: tsc: mask: 0xffffffffffffffff max_cycles: 0x2b3e43c8763, max_idle_ns: 440795360101 ns
[    1.774616] platform rtc_cmos: registered platform RTC device (no PNP device found)
[    1.783669] Scanning for low memory corruption every 60 seconds
[    1.793079] Initialise system trusted keyrings
[    1.799622] Key type blacklist registered
[    1.805867] workingset: timestamp_bits=36 max_order=18 bucket_order=0
[    1.816054] zbud: loaded
[    1.821189] squashfs: version 4.0 (2009/01/31) Phillip Lougher
[    1.829415] fuse init (API version 7.26)
[    1.858982] Key type asymmetric registered
[    1.864593] Asymmetric key parser 'x509' registered
[    1.871447] Block layer SCSI generic (bsg) driver version 0.4 loaded (major 246)
[    1.880925] io scheduler noop registered
[    1.886200] io scheduler deadline registered
[    1.891948] io scheduler cfq registered (default)
[    1.898572] ACPI: AC Adapter [AC] (on-line)
[    1.904431] input: Power Button as /devices/LNXSYSTM:00/LNXPWRBN:00/input/input0
[    1.913363] ACPI: Power Button [PWRF]
[    1.918655] input: Sleep Button as /devices/LNXSYSTM:00/LNXSLPBN:00/input/input1
[    1.927897] ACPI: Sleep Button [SLPF]
[    1.933688] Serial: 8250/16550 driver, 32 ports, IRQ sharing enabled
[    1.975138] 00:02: ttyS0 at I/O 0x3f8 (irq = 4, base_baud = 115200) is a 16550A
[    1.985743] Linux agpgart interface v0.103
[    1.994409] loop: module loaded
[    2.001823] scsi host0: ata_piix
[    2.007684] scsi host1: ata_piix
[    2.012149] ata1: PATA max UDMA/33 cmd 0x1f0 ctl 0x3f6 bmdma 0xd000 irq 14
[    2.020687] ata2: PATA max UDMA/33 cmd 0x170 ctl 0x376 bmdma 0xd008 irq 15
[    2.029452] libphy: Fixed MDIO Bus: probed
[    2.035167] tun: Universal TUN/TAP device driver, 1.6
[    2.041397] PPP generic driver version 2.4.2
[    2.047053] ehci_hcd: USB 2.0 'Enhanced' Host Controller (EHCI) Driver
[    2.055151] ehci-pci: EHCI PCI platform driver
[    2.060907] ehci-platform: EHCI generic platform driver
[    2.067197] ohci_hcd: USB 1.1 'Open' Host Controller (OHCI) Driver
[    2.074790] ohci-pci: OHCI PCI platform driver
[    2.080560] ohci-platform: OHCI generic platform driver
[    2.087131] uhci_hcd: USB Universal Host Controller Interface driver
[    2.094778] i8042: PNP: PS/2 Controller [PNP0303:PS2K,PNP0f03:PS2M] at 0x60,0x64 irq 1,12
[    2.108726] serio: i8042 KBD port at 0x60,0x64 irq 1
[    2.114975] serio: i8042 AUX port at 0x60,0x64 irq 12
[    2.121242] mousedev: PS/2 mouse device common for all mice
[    2.130005] input: AT Translated Set 2 keyboard as /devices/platform/i8042/serio0/input/input2
[    2.143177] rtc_cmos rtc_cmos: rtc core: registered rtc_cmos as rtc0
[    2.151308] rtc_cmos rtc_cmos: alarms up to one day, 114 bytes nvram
[    2.158965] i2c /dev entries driver
[    2.163534] device-mapper: uevent: version 1.0.3
[    2.169780] device-mapper: ioctl: 4.37.0-ioctl (2017-09-20) initialised: dm-devel@redhat.com
[    2.179906] ledtrig-cpu: registered to indicate activity on CPUs
[    2.228984] NET: Registered protocol family 10
[    2.271875] Segment Routing with IPv6
[    2.277292] NET: Registered protocol family 17
[    2.283881] Key type dns_resolver registered
[    2.290931] mce: Using 0 MCE banks
[    2.296642] RAS: Correctable Errors collector initialized.
[    2.302983] sched_clock: Marking stable (2302931519, 0)->(3424743191, -1121811672)
[    2.317351] registered taskstats version 1
[    2.322921] Loading compiled-in X.509 certificates
[    2.334803] Loaded X.509 cert 'Build time autogenerated kernel key: 408b96eb428cbe545a63e9a677d083d5c6df802b'
[    2.346763] Loaded X.509 cert 'Canonical Ltd. Live Patch Signing: 14df34d1a87cf37625abec039ef2bf521249b969'
[    2.358477] Loaded X.509 cert 'Canonical Ltd. Kernel Module Signing: 88f752e560a1e0737e31163a466ad7b70a850c19'
[    2.369820] blacklist: Loading compiled-in revocation X.509 certificates
[    2.377950] Loaded X.509 cert 'Canonical Ltd. Secure Boot Signing: 61482aa2830d0ab2ad5af10b7250da9033ddcef0'
[    2.389559] zswap: loaded using pool lzo/zbud
[    2.408885] Key type big_key registered
[    2.414243] Key type trusted registered
[    2.424462] Key type encrypted registered
[    2.429964] AppArmor: AppArmor sha1 policy hashing enabled
[    2.437036] ima: No TPM chip found, activating TPM-bypass! (rc=-19)
[    2.444395] ima: Allocated hash algorithm: sha1
[    2.449985] evm: HMAC attrs: 0x1
[    2.455715]   Magic number: 6:776:725
[    2.460602] block loop5: hash matches
[    2.466023] rtc_cmos rtc_cmos: setting system clock to 2022-01-17 08:43:02 UTC (1642408982)
[    2.476543] BIOS EDD facility v0.16 2004-Jun-25, 0 devices found
[    2.484290] EDD information not available.
[    2.494037] Freeing unused kernel image memory: 2448K
[    2.516418] Write protecting the kernel read-only data: 20480k
[    2.526187] Freeing unused kernel image memory: 2008K
[    2.534557] Freeing unused kernel image memory: 1824K
[    2.546798] x86/mm: Checked W+X mappings: passed, no W+X pages found.
[    2.554806] x86/mm: Checking user space page tables
[    2.565756] x86/mm: Checked W+X mappings: passed, no W+X pages found.
Loading, please wait...
starting version 237
[    2.682815] Fusion MPT base driver 3.04.20
[    2.682884] e1000: Intel(R) PRO/1000 Network Driver - version 7.3.21-k8-NAPI
[    2.688290] Copyright (c) 1999-2008 LSI Corporation
[    2.702561] e1000: Copyright (c) 1999-2006 Intel Corporation.
[    2.755015] Fusion MPT SPI Host driver 3.04.20
[    3.002020] input: ImExPS/2 Generic Explorer Mouse as /devices/platform/i8042/serio1/input/input4
[    3.503032] e1000 0000:00:03.0 eth0: (PCI:33MHz:32-bit) 02:0f:94:a1:da:7f
[    3.510570] e1000 0000:00:03.0 eth0: Intel(R) PRO/1000 Network Connection
[    4.206379] e1000 0000:00:08.0 eth1: (PCI:33MHz:32-bit) 08:00:27:d3:5e:1e
[    4.214335] e1000 0000:00:08.0 eth1: Intel(R) PRO/1000 Network Connection
[    4.227301] e1000 0000:00:08.0 enp0s8: renamed from eth1
[    4.234020] mptbase: ioc0: Initiating bringup
[    4.253442] e1000 0000:00:03.0 enp0s3: renamed from eth0
[    4.355839] ioc0: LSI53C1030 A0: Capabilities={Initiator}
[    4.661013] scsi host2: ioc0: LSI53C1030 A0, FwRev=00000000h, Ports=1, MaxQ=256, IRQ=20
[    4.846021] scsi 2:0:0:0: Direct-Access     VBOX     HARDDISK         1.0  PQ: 0 ANSI: 5
[    5.495548] scsi target2:0:0: Beginning Domain Validation
[    5.508630] scsi target2:0:0: Domain Validation skipping write tests
[    5.515550] scsi target2:0:0: Ending Domain Validation
[    5.521685] scsi target2:0:0: asynchronous
[    5.528219] random: fast init done
[    5.532811] scsi 2:0:1:0: Direct-Access     VBOX     HARDDISK         1.0  PQ: 0 ANSI: 5
[    6.458526] scsi target2:0:1: Beginning Domain Validation
[    6.475486] scsi target2:0:1: Domain Validation skipping write tests
[    6.482472] scsi target2:0:1: Ending Domain Validation
[    6.488782] scsi target2:0:1: asynchronous
[    6.509727] random: systemd-udevd: uninitialized urandom read (16 bytes read)
[    6.521669] random: systemd-udevd: uninitialized urandom read (16 bytes read)
[    6.522082] sd 2:0:0:0: Attached scsi generic sg0 type 0
[    6.538353] random: systemd-udevd: uninitialized urandom read (16 bytes read)
[    6.542468] sd 2:0:0:0: [sda] 83886080 512-byte logical blocks: (42.9 GB/40.0 GiB)
[    6.560261] sd 2:0:0:0: [sda] Write Protect is off
[    6.560401] sd 2:0:1:0: Attached scsi generic sg1 type 0
[    6.577441] sd 2:0:1:0: [sdb] 20480 512-byte logical blocks: (10.5 MB/10.0 MiB)
[    6.587506] sd 2:0:0:0: [sda] Incomplete mode parameter data
[    6.588878] sd 2:0:1:0: [sdb] Write Protect is off
[    6.594810] sd 2:0:0:0: [sda] Assuming drive cache: write through
[    6.611751] sd 2:0:1:0: [sdb] Incomplete mode parameter data
[    6.619604] sd 2:0:1:0: [sdb] Assuming drive cache: write through
[    6.634434]  sda: sda1
[    6.639010] sd 2:0:1:0: [sdb] Attached SCSI disk
[    6.648415] sd 2:0:0:0: [sda] Attached SCSI disk
Begin: Loading essential drivers ... [    8.884238] raid6: sse2x1   gen()  9626 MB/s
[    8.936794] raid6: sse2x1   xor()  7766 MB/s
[    8.988633] raid6: sse2x2   gen() 13369 MB/s
[    9.040233] raid6: sse2x2   xor()  9100 MB/s
[    9.092207] raid6: sse2x4   gen() 16157 MB/s
[    9.144249] raid6: sse2x4   xor()  9771 MB/s
[    9.149135] raid6: using algorithm sse2x4 gen() 16157 MB/s
[    9.155792] raid6: .... xor() 9771 MB/s, rmw enabled
[    9.161508] raid6: using ssse3x2 recovery algorithm
[    9.170085] xor: measuring software checksum speed
[    9.212748]    prefetch64-sse: 20821.000 MB/sec
[    9.256761]    generic_sse: 16343.000 MB/sec
[    9.262201] xor: using function: prefetch64-sse (20821.000 MB/sec)
[    9.272241] async_tx: api initialized (async)
done.
Begin: Running /scripts/init-premount ... done.
Begin: Mounting root file system ... Begin: Running /scripts/local-top ... done.
Begin: Running /scripts/local-premount ... [    9.352857] Btrfs loaded, crc32c=crc32c-intel
Scanning for Btrfs filesystems
done.
Warning: fsck not present, so skipping root file system
[    9.419793] EXT4-fs (sda1): mounted filesystem with ordered data mode. Opts: (null)
done.
Begin: Running /scripts/local-bottom ... done.
Begin: Running /scripts/init-bottom ... done.
[    9.711250] ip_tables: (C) 2000-2006 Netfilter Core Team
[    9.738530] systemd[1]: systemd 237 running in system mode. (+PAM +AUDIT +SELINUX +IMA +APPARMOR +SMACK +SYSVINIT +UTMP +LIBCRYPTSETUP +GCRYPT +GNUTLS +ACL +XZ +LZ4 +SECCOMP +BLKID +ELFUTILS +KMOD -IDN2 +IDN -PCRE2 default-hierarchy=hybrid)
[    9.760241] systemd[1]: Detected virtualization oracle.
[    9.766431] systemd[1]: Detected architecture x86-64.

Welcome to [1mUbuntu 18.04.6 LTS[0m!

[    9.816025] systemd[1]: Set hostname to <ubuntu>.
[    9.831568] systemd[1]: Initializing machine ID from random generator.
[    9.838621] systemd[1]: Installed transient /etc/machine-id file.
[   10.302412] systemd[1]: Reached target User and Group Name Lookups.
[[0;32m  OK  [0m] Reached target User and Group Name Lookups.
[   10.312424] systemd[1]: Started Forward Password Requests to Wall Directory Watch.
[[0;32m  OK  [0m] Started Forward Password Requests to Wall Directory Watch.
[   10.336825] systemd[1]: Created slice System Slice.
[[0;32m  OK  [0m] Created slice System Slice.
[   10.344747] systemd[1]: Listening on /dev/initctl Compatibility Named Pipe.
[[0;32m  OK  [0m] Listening on /dev/initctl Compatibility Named Pipe.
[[0;32m  OK  [0m] Listening on Journal Audit Socket.
[[0;32m  OK  [0m] Listening on Journal Socket (/dev/log).
[[0;32m  OK  [0m] Listening on Journal Socket.
         Mounting Huge Pages File System...
[[0;32m  OK  [0m] Created slice system-serial\x2dgetty.slice.
         Starting Load Kernel Modules...
[[0;32m  OK  [0m] Reached target Swap.
[[0;32m  OK  [0m] Listening on LVM2 metadata daemon socket.
[[0;32m  OK  [0m] Listening on udev Kernel Socket.[   10.410367] Loading iSCSI transport class v2.0-870.

[[0;32m  OK  [0m] Listening on fsck to fsckd communication Socket.
         Mounting Kernel Debug File System...
[[0;32m  OK  [0m[   10.434791] iscsi: registered transport (tcp)
] Listening on udev Control Socket.
[[0;32m  OK  [0m] Listening on Device-mapper event daemon FIFOs.
         Starting Monitoring of LVM2 mirrorsâ€¦ng dmeventd or progress polling...
         Starting udev Coldplug all Devices...
[[0;32m  OK  [0m] Reached target System Time Synchronized.[   10.484459] iscsi: registered transport (iser)

         Starting Set the console keyboard layout...
[[0;32m  OK  [0m] Created slice User and Session Slice.
[[0;32m  OK  [0m] Reached target Slices.
         Starting File System Check on Root Device...
         Starting Create list of required stâ€¦ce nodes for the current kernel...
[[0;32m  OK  [0m] Listening on Syslog Socket.
         Mounting POSIX Message Queue File System...
         Starting Journal Service...
[[0;32m  OK  [0m] Listening on Network Service Netlink Socket.
         Starting Uncomplicated firewall...
[[0;32m  OK  [0m] Set up automount Arbitrary Executabâ€¦rmats File System Automount Point.
[[0;32m  OK  [0m] Listening on LVM2 poll daemon socket.
[[0;32m  OK  [0m] Mounted Huge Pages File System.
[[0;32m  OK  [0m] Started Load Kernel Modules.
[[0;32m  OK  [0m] Mounted Kernel Debug File System.
[[0;32m  OK  [0m] Started Create list of required staâ€¦vice nodes for the current kernel.
[[0;32m  OK  [0m] Mounted POSIX Message Queue File System.
[[0;32m  OK  [0m] Started Uncomplicated firewall.
[[0;32m  OK  [0m] Started File System Check Daemon to report status.
[[0;32m  OK  [0m] Started LVM2 metadata daemon.
         Starting Create Static Device Nodes in /dev...
         Starting Apply Kernel Variables...
         Mounting FUSE Control File System...
         Mounting Kernel Configuration File System...
[[0;32m  OK  [0m] Mounted Kernel Configuration File System.
[[0;32m  OK  [0m] Mounted FUSE Control File System.
[[0;32m  OK  [0m] Started Journal Service.
[[0;32m  OK  [0m] Started Create Static Device Nodes in /dev.
[[0;32m  OK  [0m] Started udev Coldplug all Devices.
[[0;32m  OK  [0m] Started File System Check on Root Device.
         Starting Remount Root and Kernel File Systems...
[[0;32m  OK  [0m] Started Monitoring of LVM2 mirrors,â€¦sing dmeventd or progress polling.
[[0;32m  OK  [0m] Started Apply Kernel Variables.
[[0;32m  OK  [0m] Started Remount Root and Kernel File Systems.
         Starting udev Kernel Device Manager...
         Starting Flush Journal to Persistent Storage...
         Starting Load/Save Random Seed...
[[0;32m  OK  [0m] Started Load/Save Random Seed.
[[0;32m  OK  [0m] Started Flush Journal to Persistent Storage.
[[0;32m  OK  [0m] Started Set the console keyboard layout.
[[0;32m  OK  [0m] Reached target Local File Systems (Pre).
[[0;32m  OK  [0m] Reached target Local File Systems.
         Starting Set console font and keymap...
         Starting Tell Plymouth To Write Out Runtime Data...
         Starting AppArmor initialization...
         Starting ebtables ruleset management...
         Starting Commit a transient machine-id on disk...
         Starting Create Volatile Files and Directories...
[[0;32m  OK  [0m] Started udev Kernel Device Manager.
[[0;32m  OK  [0m] Started Set console font and keymap.
[[0;32m  OK  [0m] Started Tell Plymouth To Write Out Runtime Data.
[[0;32m  OK  [0m] Started Dispatch Password Requests to Console Directory Watch.
[[0;32m  OK  [0m] Reached target Local Encrypted Volumes.
[[0;32m  OK  [0m] Started Commit a transient machine-id on disk.
[[0;32m  OK  [0m] Started ebtables ruleset management.
[[0;32m  OK  [0m] Started Create Volatile Files and Directories.
         Starting Update UTMP about System Boot/Shutdown...
[[0;32m  OK  [0m] Started Update UTMP about System Boot/Shutdown.
[[0;32m  OK  [0m] Found device /dev/ttyS0.
[[0;32m  OK  [0m] Listening on Load/Save RF Kill Switch Status /dev/rfkill Watch.
[[0;32m  OK  [0m] Started AppArmor initialization.
         Starting Load AppArmor profiles managed internally by snapd...
         Starting Initial cloud-init job (pre-networking)...
[[0;32m  OK  [0m] Started Load AppArmor profiles managed internally by snapd.
[   13.921915] cloud-init[558]: Cloud-init v. 21.4-0ubuntu1~18.04.1 running 'init-local' at Mon, 17 Jan 2022 08:43:13 +0000. Up 13.46 seconds.
[[0;32m  OK  [0m] Started Initial cloud-init job (pre-networking).
[[0;32m  OK  [0m] Reached target Network (Pre).
         Starting Network Service...
[[0;32m  OK  [0m] Started Network Service.
         Starting Network Name Resolution...
         Starting Wait for Network to be Configured...
[[0;32m  OK  [0m] Started Network Name Resolution.
[[0;32m  OK  [0m] Reached target Host and Network Name Lookups.
[[0;32m  OK  [0m] Reached target Network.
[[0;32m  OK  [0m] Started Wait for Network to be Configured.
         Starting Initial cloud-init job (metadata service crawler)...
[   15.781168] cloud-init[658]: Cloud-init v. 21.4-0ubuntu1~18.04.1 running 'init' at Mon, 17 Jan 2022 08:43:15 +0000. Up 15.63 seconds.
[   15.786423] cloud-init[658]: ci-info: ++++++++++++++++++++++++++++++++++++++Net device info++++++++++++++++++++++++++++++++++++++
[   15.791947] cloud-init[658]: ci-info: +--------+-------+---------------------------+---------------+--------+-------------------+
[   15.797628] cloud-init[658]: ci-info: | Device |   Up  |          Address          |      Mask     | Scope  |     Hw-Address    |
[   15.802859] cloud-init[658]: ci-info: +--------+-------+---------------------------+---------------+--------+-------------------+
[   15.807579] cloud-init[658]: ci-info: | enp0s3 |  True |         10.0.2.15         | 255.255.255.0 | global | 02:0f:94:a1:da:7f |
[   15.812328] cloud-init[658]: ci-info: | enp0s3 |  True | fe80::f:94ff:fea1:da7f/64 |       .       |  link  | 02:0f:94:a1:da:7f |
[   15.817322] cloud-init[658]: ci-info: | enp0s8 | False |             .             |       .       |   .    | 08:00:27:d3:5e:1e |
[   15.822345] cloud-init[658]: ci-info: |   lo   |  True |         127.0.0.1         |   255.0.0.0   |  host  |         .         |
[   15.827220] cloud-init[658]: ci-info: |   lo   |  True |          ::1/128          |       .       |  host  |         .         |
[   15.832237] cloud-init[658]: ci-info: +--------+-------+---------------------------+---------------+--------+-------------------+
[   15.837370] cloud-init[658]: ci-info: ++++++++++++++++++++++++++++Route IPv4 info+++++++++++++++++++++++++++++
[   15.841400] cloud-init[658]: ci-info: +-------+-------------+----------+-----------------+-----------+-------+
[   15.845692] cloud-init[658]: ci-info: | Route | Destination | Gateway  |     Genmask     | Interface | Flags |
[   15.850039] cloud-init[658]: ci-info: +-------+-------------+----------+-----------------+-----------+-------+
[   15.854155] cloud-init[658]: ci-info: |   0   |   0.0.0.0   | 10.0.2.2 |     0.0.0.0     |   enp0s3  |   UG  |
[   15.859354] cloud-init[658]: ci-info: |   1   |   10.0.2.0  | 0.0.0.0  |  255.255.255.0  |   enp0s3  |   U   |
[   15.873954] cloud-init[658]: ci-info: |   2   |   10.0.2.2  | 0.0.0.0  | 255.255.255.255 |   enp0s3  |   UH  |
[   15.879565] cloud-init[658]: ci-info: +-------+-------------+----------+-----------------+-----------+-------+
[   15.886244] cloud-init[658]: ci-info: +++++++++++++++++++Route IPv6 info+++++++++++++++++++
[   15.889643] cloud-init[658]: ci-info: +-------+-------------+---------+-----------+-------+
[   15.892951] cloud-init[658]: ci-info: | Route | Destination | Gateway | Interface | Flags |
[   15.896709] cloud-init[658]: ci-info: +-------+-------------+---------+-----------+-------+
[   15.900033] cloud-init[658]: ci-info: |   1   |  fe80::/64  |    ::   |   enp0s3  |   U   |
[   15.903485] cloud-init[658]: ci-info: |   3   |    local    |    ::   |   enp0s3  |   U   |
[   15.906811] cloud-init[658]: ci-info: |   4   |   ff00::/8  |    ::   |   enp0s3  |   U   |
[   15.910164] cloud-init[658]: ci-info: +-------+-------------+---------+-----------+-------+
[   16.975820] cloud-init[658]: Generating public/private rsa key pair.
[   16.983914] cloud-init[658]: Your identification has been saved in /etc/ssh/ssh_host_rsa_key.
[   16.992514] cloud-init[658]: Your public key has been saved in /etc/ssh/ssh_host_rsa_key.pub.
[   17.000576] cloud-init[658]: The key fingerprint is:
[   17.005994] cloud-init[658]: SHA256:guqDU8iu/km10/m6Jn2NA2lYbas+EcaDib5fF+x1beo root@ubuntu-bionic
[   17.013627] cloud-init[658]: The key's randomart image is:
[   17.019186] cloud-init[658]: +---[RSA 2048]----+
[   17.024462] cloud-init[658]: |                 |
[   17.029606] cloud-init[658]: |                 |
[   17.034702] [[0;32m  OK  [0m] Started Initial cloud-init job (metadata service crawler).
[[0;32m  OK  [0m] Reached target Cloud-config availability.
[[0;32m  OK  [0m] Reached target System Initialization.
[[0;32m  OK  [0m] Started Daily apt download activities.
cloud-init[[0;32m  OK  [0m] Started Trigger to poll for Ubuntu â€¦(Only enabled on GCP LTS non-pro).
         Starting Socket activation for snappy daemon.
[[0;32m  OK  [0m] Listening on D-Bus System Message Bus Socket.
[658]: |    . + .        |[[0;32m  OK  [0m] Started ACPI Events Check.
[[0;32m  OK  [0m] Reached target Paths.
[[0;32m  OK  [0m] Listening on ACPID Listen Socket.

         Starting LXD - unix socket.
[[0;32m  OK  [0m] Listening on UUID daemon activation socket.
[[0;32m  OK  [0m] Started Daily Cleanup of Temporary Directories.
[   17.067860] [[0;32m  OK  [0m] Started Discard unused blocks once a week.
[[0;32m  OK  [0m] Started Daily apt upgrade and clean activities.
[[0;32m  OK  [0m] Started Message of the Day.
[[0;32m  OK  [0m] Listening on cloud-init hotplug hook socket.
[[0;32m  OK  [0m] Listening on Open-iSCSI iscsid Socket.
[[0;32m  OK  [0m] Started Ubuntu Advantage Timer for running repeated jobs.
[[0;32m  OK  [0m] Reached target Timers.
[[0;32m  OK  [0m] Reached target Network is Online.
         Starting Availability of block devices...
[[0;32m  OK  [0m] Reached target Remote File Systems (Pre).
[[0;32m  OK  [0m] Reached target Remote File Systems.
[[0;32m  OK  [0m] Listening on Socket activation for snappy daemon.
[[0;32m  OK  [0m] Listening on LXD - unix socket.
[[0;32m  OK  [0m] Reached target Sockets.
[[0;32m  OK  [0m] Reached target Basic System.
cloud-init         Starting Login Service...
         Starting Accounts Service...
[658]: [[0;32m  OK  [0m] Started irqbalance daemon.
|   . + *.o    .  |
[   17.124110] cloud-init[658]: |... ..= So.. . o |
[   17.135420] cloud-init[658]: |...o..o*o.o . o  |         Starting Dispatcher daemon for systemd-networkd...
         Starting System Logging Service...
         Starting Permit User Sessions...

         Starting LXD - container startup/shutdown...
[   17.155478] cloud-init         Starting Virtualbox guest utils...
[658]: |.o...oo++oo  .   |[[0;32m  OK  [0m] Started Deferred execution scheduler.
[[0;32m  OK  [0m] Started D-Bus System Message Bus.

[   17.174836] cloud-init[658]: |ooo...o=o+ ..    |
[   17.183537] cloud-init[658]: |+oo+..++=..  E   |
[   17.193723] cloud-init[658]: +----[SHA256]-----+
[   17.213333] cloud-init[658]: Generating public/private dsa key pair.
[   17.234026] cloud-init[658]: Your identification has been saved in /etc/ssh/ssh_host_dsa_key.
[   17.256784] cloud-init[658]: Your public key has been saved in /etc/ssh/ssh_host_dsa_key.pub.
[   17.261638] cloud-init[658]: The key fingerprint is:
[   17.264464] cloud-init[658]: SHA256:iqY6OuZ9AGcDeUA+LxAa02zApak5H8ZMsYar1rROmJA root@ubuntu-bionic
[   17.269791] cloud-init[658]: The key's randomart image is:
[   17.272564] cloud-init[658]: +---[DSA 1024]----+
[   17.277411] cloud-init[658]: |B*=.             |
[   17.284698] cloud-init[658]: |oO*+             |
[   17.291534] cloud-init[658]: |+**              |
[   17.298546] cloud-init[658]: |oXo+             |
[   17.306070] cloud-init[658]: |E.Oo.   S        |
[   17.313071] cloud-init[658]: |o+*o.. .         |
[   17.320891] cloud-init[658]: |.+.++ .          |
[   17.331500] cloud-init[658]: |+.+o .           |
[   17.339266] cloud-init[658]: |*=.o.            |
[   17.346657] cloud-init[658]: +----[SHA256]-----+
[   17.353816] cloud-init[658]: Generating public/private ecdsa key pair.
[   17.359676] cloud-init[658]: Your identification has been saved in /etc/ssh/ssh_host_ecdsa_key.
[   17.369555] cloud-init[658]: Your public key has been saved in /etc/ssh/ssh_host_ecdsa_key.pub.
[   17.379608] cloud-init[658]: The key fingerprint is:
[   17.387491] cloud-init[658]: SHA256:AlYqFpnqhCI79gJcefYv7rQZZurejvGFG/8bub8hHvc root@ubuntu-bionic
[   17.400399] cloud-init[[0;32m  OK  [0m] Started Login Service.
[[0;32m  OK  [0m] Started Unattended Upgrades Shutdown.
[658]: The key's randomart image is:
[   17.417888] cloud-init[658]: +---[ECDSA 256]---+
[   17.425536] cloud-init[658]: |  .o  .          |
[   17.431223] cloud-init[658]: |  o. o           |
[   17.437004] cloud-init[658]: |..o =            |
[   17.442697] cloud-init[658]: |=o = +           |
[   17.448567] cloud-init[658]: |*.. o o S        |
[   17.454214] cloud-init[658]: |++     o.   .    |
[   17.461138] cloud-init[658]: |o..  . B.. = o   |
[   17.466974] cloud-init[658]: | . .  X.O.. * o  |
[   17.472823] cloud-init[658]: |  . o=+X...=oo.E |
[   17.479626] cloud-init[658]: +----[SHA256]-----+
[   17.486268] cloud-init[658]: Generating public/private ed25519 key pair.
[   17.493322] cloud-init[658]: Your identification has been saved in /etc/ssh/ssh_host_ed25519_key.
[   17.500860] cloud-init[658]: Your public key has been saved in /etc/ssh/ssh_host_ed25519_key.pub.
         Starting Pollinate to seed the pseudo random number generator...
[[0;32m  OK  [0m] Started FUSE filesystem for LXC.
[   17.518473] cloud-init[658]: The key fingerprint is:
[   17.552359] cloud-init[658]: SHA256:+H3rHdI540490I06lVMZGJGVTtaxQrVF5Kosg7hQxEw root@ubuntu-bionic[[0;32m  OK  [0m] Started Regular background program processing daemon.

[   17.580996] cloud-init[658]: The key's randomart image is:
[   17.596394] cloud-init[658]: +--[ED25519 256]--+
[   17.604827] cloud-init[658]: |      E      +BBB|
[   17.626107] cloud-init[658]: |     +      .o =B|
[   17.634773] cloud-init[658]: |      +      .++o|         Starting Snap Daemon...
         Starting LSB: Record successful boot for GRUB...
         Starting LSB: automatic crash report generation...
[[0;32m  OK  [0m] Started System Logging Service.
[[0;32m  OK  [0m] Started Availability of block devices.
[[0;32m  OK  [0m] Started Permit User Sessions.

[   17.682958] cloud-init[658]: |     . .      o*.|
[   17.709172] cloud-init[658]: |      o S    .*..|
[   17.735038] [[0;32m  OK  [0m] Started LXD - container startup/shutdown.
         Starting Authorization Manager...
         Starting Hold until boot process finishes up...
cloud-init         Starting Terminate Plymouth Boot Screen...
[658]: [[0;32m  OK  [0m] Started Hold until boot process finishes up.
         Starting Set console scheme...
|     . o o . =.+ |[[0;32m  OK  [0m] Started Serial Getty on ttyS0.

[   17.778025] [[0;32m  OK  [0m] Started Terminate Plymouth Boot Screen.
cloud-init[658]: |    . . o + B B..|
[   17.809957] cloud-init[658]: |     . .   + B +.|
[   17.827669] cloud-init[658]: |      .    .o.+  |
[   17.841122] cloud-init[658]: +----[SHA256]-----+
[[0;32m  OK  [0m] Started Set console scheme.
[[0;32m  OK  [0m] Created slice system-getty.slice.
[[0;32m  OK  [0m] Started Getty on tty1.
[[0;32m  OK  [0m] Reached target Login Prompts.
[[0;32m  OK  [0m] Started Authorization Manager.
[[0;32m  OK  [0m] Started Accounts Service.
[[0;32m  OK  [0m] Started LSB: automatic crash report generation.
[[0;32m  OK  [0m] Started LSB: Record successful boot for GRUB.
[[0;32m  OK  [0m] Started Virtualbox guest utils.
[[0;32m  OK  [0m] Started Dispatcher daemon for systemd-networkd.
[[0;32m  OK  [0m] Started Snap Daemon.
         Starting Wait until snapd is fully seeded...
[[0;32m  OK  [0m] Started Pollinate to seed the pseudo random number generator.
         Starting OpenBSD Secure Shell server...
[[0;32m  OK  [0m] Started OpenBSD Secure Shell server.
[[0;32m  OK  [0m] Created slice User Slice of vagrant.
         Starting User Manager for UID 1000...
[[0;32m  OK  [0m] Started Session 1 of user vagrant.
[[0;32m  OK  [0m] Started User Manager for UID 1000.
[[0;32m  OK  [0m] Started Wait until snapd is fully seeded.
[[0;32m  OK  [0m] Reached target Multi-User System.
[[0;32m  OK  [0m] Reached target Graphical Interface.
         Starting Update UTMP about System Runlevel Changes...
         Starting Apply the settings specified in cloud-config...
[[0;32m  OK  [0m] Started Update UTMP about System Runlevel Changes.
[   22.373886] cloud-init[1113]: Cloud-init v. 21.4-0ubuntu1~18.04.1 running 'modules:config' at Mon, 17 Jan 2022 08:43:21 +0000. Up 21.15 seconds.
[[0;32m  OK  [0m] Started Apply the settings specified in cloud-config.
         Starting Execute cloud user/final scripts...
ci-info: no authorized SSH keys fingerprints found for user ubuntu.
<14>Jan 17 08:43:23 cloud-init: #############################################################
<14>Jan 17 08:43:23 cloud-init: -----BEGIN SSH HOST KEY FINGERPRINTS-----
<14>Jan 17 08:43:23 cloud-init: 1024 SHA256:iqY6OuZ9AGcDeUA+LxAa02zApak5H8ZMsYar1rROmJA root@ubuntu-bionic (DSA)
<14>Jan 17 08:43:23 cloud-init: 256 SHA256:AlYqFpnqhCI79gJcefYv7rQZZurejvGFG/8bub8hHvc root@ubuntu-bionic (ECDSA)
<14>Jan 17 08:43:23 cloud-init: 256 SHA256:+H3rHdI540490I06lVMZGJGVTtaxQrVF5Kosg7hQxEw root@ubuntu-bionic (ED25519)
<14>Jan 17 08:43:23 cloud-init: 2048 SHA256:guqDU8iu/km10/m6Jn2NA2lYbas+EcaDib5fF+x1beo root@ubuntu-bionic (RSA)
<14>Jan 17 08:43:23 cloud-init: -----END SSH HOST KEY FINGERPRINTS-----
<14>Jan 17 08:43:23 cloud-init: #############################################################
-----BEGIN SSH HOST KEY KEYS-----
ecdsa-sha2-nistp256 AAAAE2VjZHNhLXNoYTItbmlzdHAyNTYAAAAIbmlzdHAyNTYAAABBBCjg5wKfuZyomTnSWDMdyYElKs+YdOTHfWt47a/yY79OKwPEA30yK1yD+sB1TaBNvI2ySeVFCuJca03Yii1RYd8= root@ubuntu-bionic
ssh-ed25519 AAAAC3NzaC1lZDI1NTE5AAAAIEmQ99qK0HSP4a5h186BmgEo7+P0dWhGX7OAGRN+ejLp root@ubuntu-bionic
ssh-rsa AAAAB3NzaC1yc2EAAAADAQABAAABAQDEoNuEI44kicrReieKV08bwdq8pRVE5u0JuvG4laU2C0BNxW8uV4h7VAe5jhkkMmd6B6ZZ/S8SPJ+Vjo/B2X0/I5Mr1JrZGhEYerxz/ppqY3y91UKeQfpaDtmGAeyWTZN4+FzBXdMZHTYTG6ck4bz4Ag1u5NjlcKJenx58C2ry1zOHT+21QxcF5q7dngaMQNKRbp0Yd1ZlTnLk1PdIhLUl4gZvmby0rzr78mfwZ4VBPL41Jr5y4jv8oQdjgxT9lVBjZXZLdGbO+q48HUvJ4R0u1yShQWvHrmQRbHFXCdCHYznls8MmNuQoStmjki1SRjDliVcPxqrDJ9PMb7ZUMV2j root@ubuntu-bionic
-----END SSH HOST KEY KEYS-----
[   23.137002] cloud-init[1214]: Cloud-init v. 21.4-0ubuntu1~18.04.1 running 'modules:final' at Mon, 17 Jan 2022 08:43:22 +0000. Up 22.90 seconds.
[   23.137152] cloud-init[1214]: ci-info: no authorized SSH keys fingerprints found for user ubuntu.
[   23.137199] cloud-init[1214]: Cloud-init v. 21.4-0ubuntu1~18.04.1 finished at Mon, 17 Jan 2022 08:43:23 +0000. Datasource DataSourceNoCloud [seed=/dev/sdb][dsmode=net].  Up 23.08 seconds

Ubuntu 18.04.6 LTS ubuntu-bionic ttyS0

ubuntu-bionic login: 